###############################################################################
#
# IAR ELF Linker V8.50.1.245/W32 for ARM                  08/Aug/2021  22:09:44
# Copyright 2007-2020 IAR Systems AB.
#
#    Output file  =
#        G:\Github\Uart_Driver_tm4c123gh6pm\Tiva_PC_Uart_Read_Write\Debug\Exe\UART_Driver_V2.out
#    Map file     =
#        G:\Github\Uart_Driver_tm4c123gh6pm\Tiva_PC_Uart_Read_Write\Debug\List\UART_Driver_V2.map
#    Command line =
#        -f C:\Users\Owner\AppData\Local\Temp\EW8E5F.tmp
#        (G:\Github\Uart_Driver_tm4c123gh6pm\Tiva_PC_Uart_Read_Write\Debug\Obj\GPIO_Driver.o
#        G:\Github\Uart_Driver_tm4c123gh6pm\Tiva_PC_Uart_Read_Write\Debug\Obj\main.o
#        G:\Github\Uart_Driver_tm4c123gh6pm\Tiva_PC_Uart_Read_Write\Debug\Obj\UART_Driver.o
#        --no_out_extension -o
#        G:\Github\Uart_Driver_tm4c123gh6pm\Tiva_PC_Uart_Read_Write\Debug\Exe\UART_Driver_V2.out
#        --redirect _Printf=_PrintfFullNoMb --redirect _Scanf=_ScanfFullNoMb
#        --map
#        G:\Github\Uart_Driver_tm4c123gh6pm\Tiva_PC_Uart_Read_Write\Debug\List\UART_Driver_V2.map
#        --config G:\IAR\arm\config\linker\TexasInstruments\TM4C123GH6.icf
#        --semihosting --entry __iar_program_start --vfe --text_out locale)
#
###############################################################################

*******************************************************************************
*** RUNTIME MODEL ATTRIBUTES
***

CppFlavor       = *
__SystemLibrary = DLib
__dlib_version  = 6


*******************************************************************************
*** HEAP SELECTION
***

The basic heap was selected because some modules are built with
size limitations (and not runtime checking), and --advanced_heap
was not specified.


*******************************************************************************
*** PLACEMENT SUMMARY
***

"A0":  place at address 0x0 { ro section .intvec };
"P1":  place in [from 0x0 to 0x3'ffff] { ro };
define block CSTACK with size = 4K, alignment = 8 { };
define block HEAP with size = 8K, alignment = 8 { };
"P2":  place in [from 0x2000'0000 to 0x2000'7fff] {
          rw, block CSTACK, block HEAP };
initialize by copy { rw };

  Section            Kind         Address    Size  Object
  -------            ----         -------    ----  ------
"A0":                                        0x40
  .intvec            ro code          0x0    0x40  vector_table_M.o [4]
                                   - 0x40    0x40

"P1":                                       0xe33
  .text              ro code         0x40   0x380  GPIO_Driver.o [1]
  .text              ro code        0x3c0    0x12  strcmp.o [4]
  .text              ro code        0x3d2     0x2  vector_table_M.o [4]
  .text              ro code        0x3d4   0x29c  main.o [1]
  .text              ro code        0x670   0x164  UART_Driver.o [1]
  .text              ro code        0x7d4    0x56  ABImemcpy_unaligned.o [4]
  .text              ro code        0x82c    0x36  strlen.o [4]
  .text              ro code        0x864    0x22  S32ToDbl.o [3]
  .text              ro code        0x888   0x17a  DblAdd.o [3]
  .text              ro code        0xa04    0x3a  DblToS32.o [3]
  .text              ro code        0xa40    0xd2  DblSub.o [3]
  .text              ro code        0xb12    0x78  lz77_init_single.o [4]
  .text              ro code        0xb8c    0x28  data_init.o [4]
  .text              ro code        0xbb4    0x22  fpinit_M.o [3]
  .iar.init_table    const          0xbd8    0x10  - Linker created -
  .text              ro code        0xbe8    0x1e  cmain.o [4]
  .text              ro code        0xc06     0x4  low_level_init.o [2]
  .text              ro code        0xc0a     0x4  exit.o [2]
  .text              ro code        0xc10     0xa  cexit.o [4]
  .text              ro code        0xc1c    0x14  exit.o [5]
  .rodata            const          0xc30    0x1c  main.o [1]
  .rodata            const          0xc4c    0x18  main.o [1]
  .rodata            const          0xc64    0x18  main.o [1]
  .rodata            const          0xc7c     0xc  GPIO_Driver.o [1]
  .rodata            const          0xc88     0xc  GPIO_Driver.o [1]
  .rodata            const          0xc94     0xc  main.o [1]
  .text              ro code        0xca0     0xc  cstartup_M.o [4]
  .rodata            const          0xcac     0x8  GPIO_Driver.o [1]
  .rodata            const          0xcb4     0x8  GPIO_Driver.o [1]
  .rodata            const          0xcbc     0x8  GPIO_Driver.o [1]
  .rodata            const          0xcc4     0x8  GPIO_Driver.o [1]
  .rodata            const          0xccc     0x8  GPIO_Driver.o [1]
  .rodata            const          0xcd4     0x8  GPIO_Driver.o [1]
  .rodata            const          0xcdc     0x8  main.o [1]
  .rodata            const          0xce4     0x8  main.o [1]
  .rodata            const          0xcec     0x8  main.o [1]
  .rodata            const          0xcf4     0x8  main.o [1]
  .rodata            const          0xcfc     0x8  main.o [1]
  .rodata            const          0xd04     0x8  main.o [1]
  .rodata            const          0xd0c     0x8  main.o [1]
  .rodata            const          0xd14     0x8  main.o [1]
  .rodata            const          0xd1c     0x8  UART_Driver.o [1]
  .rodata            const          0xd24     0x8  UART_Driver.o [1]
  .rodata            const          0xd2c     0x0  lz77_init_single.o [4]
  Initializer bytes  const          0xd2c   0x147  <for P2-1>
                                  - 0xe73   0xe33

"P2", part 1 of 2:                          0x1a8
  P2-1                        0x2000'0000   0x1a8  <Init block>
    .data            inited   0x2000'0000    0x18  GPIO_Driver.o [1]
    .data            inited   0x2000'0018    0x18  GPIO_Driver.o [1]
    .data            inited   0x2000'0030    0x18  GPIO_Driver.o [1]
    .data            inited   0x2000'0048    0x18  GPIO_Driver.o [1]
    .data            inited   0x2000'0060    0x18  GPIO_Driver.o [1]
    .data            inited   0x2000'0078    0x18  GPIO_Driver.o [1]
    .data            inited   0x2000'0090    0x18  GPIO_Driver.o [1]
    .data            inited   0x2000'00a8    0x20  UART_Driver.o [1]
    .data            inited   0x2000'00c8    0x20  UART_Driver.o [1]
    .data            inited   0x2000'00e8    0x20  UART_Driver.o [1]
    .data            inited   0x2000'0108    0x20  UART_Driver.o [1]
    .data            inited   0x2000'0128    0x20  UART_Driver.o [1]
    .data            inited   0x2000'0148    0x20  UART_Driver.o [1]
    .data            inited   0x2000'0168    0x20  UART_Driver.o [1]
    .data            inited   0x2000'0188    0x20  UART_Driver.o [1]
                            - 0x2000'01a8   0x1a8

"P2", part 2 of 2:                         0x1000
  CSTACK                      0x2000'01a8  0x1000  <Block>
    CSTACK           uninit   0x2000'01a8  0x1000  <Block tail>
                            - 0x2000'11a8  0x1000

Unused ranges:

         From           To      Size
         ----           --      ----
        0xe73     0x3'ffff  0x3'f18d
  0x2000'11a8  0x2000'7fff    0x6e58


*******************************************************************************
*** INIT TABLE
***

          Address      Size
          -------      ----
Copy/lz77 (__iar_lz77_init_single3)
    1 source range, total size 0x147 (77% of destination):
                0xd2c  0x147
    1 destination range, total size 0x1a8:
          0x2000'0000  0x1a8



*******************************************************************************
*** MODULE SUMMARY
***

    Module                 ro code  ro data  rw data
    ------                 -------  -------  -------
command line/config:
    ------------------------------------------------
    Total:

G:\Github\Uart_Driver_tm4c123gh6pm\Tiva_PC_Uart_Read_Write\Debug\Obj: [1]
    GPIO_Driver.o              896      201      168
    UART_Driver.o              356      214      256
    main.o                     668      152
    ------------------------------------------------
    Total:                   1'920      567      424

dl7M_tln.a: [2]
    exit.o                       4
    low_level_init.o             4
    ------------------------------------------------
    Total:                       8

m7M_tls.a: [3]
    DblAdd.o                   378
    DblSub.o                   210
    DblToS32.o                  58
    S32ToDbl.o                  34
    fpinit_M.o                  34
    ------------------------------------------------
    Total:                     714

rt7M_tl.a: [4]
    ABImemcpy_unaligned.o       86
    cexit.o                     10
    cmain.o                     30
    cstartup_M.o                12
    data_init.o                 40
    lz77_init_single.o         120
    strcmp.o                    18
    strlen.o                    54
    vector_table_M.o            66
    ------------------------------------------------
    Total:                     436

shb_l.a: [5]
    exit.o                      20
    ------------------------------------------------
    Total:                      20

    Gaps                        16        2
    Linker created                       16    4'096
----------------------------------------------------
    Grand Total:             3'114      585    4'520


*******************************************************************************
*** ENTRY LIST
***

Entry                       Address   Size  Type      Object
-----                       -------   ----  ----      ------
.iar.init_table$$Base         0xbd8          --   Gb  - Linker created -
.iar.init_table$$Limit        0xbe8          --   Gb  - Linker created -
?main                         0xbe9         Code  Gb  cmain.o [4]
AFSEL_R                 0x2000'0048   0x18  Data  Gb  GPIO_Driver.o [1]
AMSEL_R                 0x2000'0018   0x18  Data  Gb  GPIO_Driver.o [1]
Baud_Rate_UART_Module         0x6f1   0x44  Code  Gb  UART_Driver.o [1]
CLK_Enable                     0x41   0x24  Code  Gb  GPIO_Driver.o [1]
CLK_Enable_UART_Module        0x671   0x1a  Code  Gb  UART_Driver.o [1]
CLK_PORTS               0x2000'0000   0x18  Data  Gb  GPIO_Driver.o [1]
CLK_UART_Modules        0x2000'00a8   0x20  Data  Gb  UART_Driver.o [1]
CSTACK$$Base            0x2000'01a8          --   Gb  - Linker created -
CSTACK$$Limit           0x2000'11a8          --   Gb  - Linker created -
DATA_R                  0x2000'0078   0x18  Data  Gb  GPIO_Driver.o [1]
DEN_R                   0x2000'0030   0x18  Data  Gb  GPIO_Driver.o [1]
DIR_R                   0x2000'0060   0x18  Data  Gb  GPIO_Driver.o [1]
Enable_UART_Module            0x68b   0x66  Code  Gb  UART_Driver.o [1]
GPIO_PORT_UNLOCK               0x65   0x3a  Code  Gb  GPIO_Driver.o [1]
LED                           0x5af   0x8a  Code  Gb  main.o [1]
Message_1                     0x511   0x2e  Code  Gb  main.o [1]
Message_2                     0x53f   0x2e  Code  Gb  main.o [1]
Message_3                     0x56d   0x2e  Code  Gb  main.o [1]
New_Line_Message              0x59b   0x14  Code  Gb  main.o [1]
PCTL_R                  0x2000'0090   0x18  Data  Gb  GPIO_Driver.o [1]
PIN_ANALOG_DIGITAL             0x9f   0xc6  Code  Gb  GPIO_Driver.o [1]
PIN_CONFIGURE                 0x251   0xb0  Code  Gb  GPIO_Driver.o [1]
PIN_FUNCTION_SELECT           0x165   0x76  Code  Gb  GPIO_Driver.o [1]
PIN_INPUT_OUTPUT              0x1db   0x76  Code  Gb  GPIO_Driver.o [1]
PIN_WRITE_DIGITAL             0x301   0x68  Code  Gb  GPIO_Driver.o [1]
Receive_UART_Module           0x787   0x16  Code  Gb  UART_Driver.o [1]
Region$$Table$$Base           0xbd8          --   Gb  - Linker created -
Region$$Table$$Limit          0xbe8          --   Gb  - Linker created -
Transmit_UART_Module          0x76f   0x18  Code  Gb  UART_Driver.o [1]
UART_BUFFER_R           0x2000'0168   0x20  Data  Gb  UART_Driver.o [1]
UART_CLK_R              0x2000'0128   0x20  Data  Gb  UART_Driver.o [1]
UART_CTL_R              0x2000'00c8   0x20  Data  Gb  UART_Driver.o [1]
UART_DR_R               0x2000'0188   0x20  Data  Gb  UART_Driver.o [1]
UART_FBRD_R             0x2000'0108   0x20  Data  Gb  UART_Driver.o [1]
UART_IBRD_R             0x2000'00e8   0x20  Data  Gb  UART_Driver.o [1]
UART_LCRH_R             0x2000'0148   0x20  Data  Gb  UART_Driver.o [1]
Word_Length_UART_Module
                              0x735   0x3a  Code  Gb  UART_Driver.o [1]
__aeabi_d2iz                  0xa05         Code  Gb  DblToS32.o [3]
__aeabi_dadd                  0x889         Code  Gb  DblAdd.o [3]
__aeabi_i2d                   0x865         Code  Gb  S32ToDbl.o [3]
__cmain                       0xbe9         Code  Gb  cmain.o [4]
__exit                        0xc1d   0x14  Code  Gb  exit.o [5]
__iar_dadd                    0xa41         Code  Gb  DblSub.o [3]
__iar_data_init3              0xb8d   0x28  Code  Gb  data_init.o [4]
__iar_dsub                    0x899         Code  Gb  DblAdd.o [3]
__iar_dsubStart               0x8ab         Code  Gb  DblAdd.o [3]
__iar_init_vfp                0xbb5         Code  Gb  fpinit_M.o [3]
__iar_lz77_init_single3
                              0xb13   0x78  Code  Gb  lz77_init_single.o [4]
__iar_program_start           0xca1         Code  Gb  cstartup_M.o [4]
__iar_unaligned_memcpy4
                              0x7d5         Code  Gb  ABImemcpy_unaligned.o [4]
__iar_unaligned_memcpy8
                              0x7d5         Code  Gb  ABImemcpy_unaligned.o [4]
__low_level_init              0xc07    0x4  Code  Gb  low_level_init.o [2]
__vector_table                  0x0         Data  Gb  vector_table_M.o [4]
_call_main                    0xbf5         Code  Gb  cmain.o [4]
_exit                         0xc11         Code  Gb  cexit.o [4]
_main                         0xc03         Code  Gb  cmain.o [4]
exit                          0xc0b    0x4  Code  Gb  exit.o [2]
main                          0x3d5  0x13c  Code  Gb  main.o [1]
strcmp                        0x3c1         Code  Gb  strcmp.o [4]
strlen                        0x82d         Code  Gb  strlen.o [4]


[1] = G:\Github\Uart_Driver_tm4c123gh6pm\Tiva_PC_Uart_Read_Write\Debug\Obj
[2] = dl7M_tln.a
[3] = m7M_tls.a
[4] = rt7M_tl.a
[5] = shb_l.a

  3'114 bytes of readonly  code memory
    585 bytes of readonly  data memory
  4'520 bytes of readwrite data memory

Errors: none
Warnings: none
